/sgl-workspace/sglang/python/sglang/multimodal_gen/runtime/entrypoints/post_training/weights_api.py:10: FastAPIDeprecationWarning: ORJSONResponse is deprecated, FastAPI now serializes data directly to JSON bytes via Pydantic when a return type or response model is set, which is faster and doesn't need a custom response class. Read more in the FastAPI docs: https://fastapi.tiangolo.com/advanced/custom-response/#orjson-or-response-model and https://fastapi.tiangolo.com/tutorial/response-model/
  from sglang.srt.utils.json_response import orjson_response
Traceback (most recent call last):
  File "/usr/local/bin/sglang", line 6, in <module>
    sys.exit(main())
             ^^^^^^
  File "/sgl-workspace/sglang/python/sglang/cli/main.py", line 44, in main
    generate(args, extra_argv)
  File "/sgl-workspace/sglang/python/sglang/cli/generate.py", line 29, in generate
    generate_cmd(parsed_args, unknown_args)
  File "/sgl-workspace/sglang/python/sglang/multimodal_gen/runtime/entrypoints/cli/generate.py", line 113, in generate_cmd
    server_args = ServerArgs.from_cli_args(args, unknown_args)
                  ^^^^^^^^^^^^^^^^^^^^^^^^^^^^^^^^^^^^^^^^^^^^
  File "/sgl-workspace/sglang/python/sglang/multimodal_gen/runtime/server_args.py", line 1004, in from_cli_args
    return cls.from_dict(provided_args)
           ^^^^^^^^^^^^^^^^^^^^^^^^^^^^
  File "/sgl-workspace/sglang/python/sglang/multimodal_gen/runtime/server_args.py", line 1027, in from_dict
    return cls(**server_args_kwargs)
           ^^^^^^^^^^^^^^^^^^^^^^^^^
  File "<string>", line 61, in __init__
  File "/sgl-workspace/sglang/python/sglang/multimodal_gen/runtime/server_args.py", line 536, in __post_init__
    self._validate_parameters()
  File "/sgl-workspace/sglang/python/sglang/multimodal_gen/runtime/server_args.py", line 268, in _validate_parameters
    self._validate_offload()
  File "/sgl-workspace/sglang/python/sglang/multimodal_gen/runtime/server_args.py", line 1125, in _validate_offload
    raise ValueError(
ValueError: dit_layerwise_offload cannot be enabled together with cache-dit. cache-dit may reuse skipped blocks whose weights have been released by layerwise offload, causing shape mismatch errors. Please disable either --dit-layerwise-offload or SGLANG_CACHE_DIT_ENABLED.
