W0421 10:22:57.771000 56617 torch/distributed/run.py:803] 
W0421 10:22:57.771000 56617 torch/distributed/run.py:803] *****************************************
W0421 10:22:57.771000 56617 torch/distributed/run.py:803] Setting OMP_NUM_THREADS environment variable for each process to be 1 in default, to avoid your system being overloaded, please further tune the variable for optimal performance in your application as needed. 
W0421 10:22:57.771000 56617 torch/distributed/run.py:803] *****************************************
Traceback (most recent call last):
  File "/scratch/Wan2.2/generate.py", line 20, in <module>
    from wan.utils.prompt_extend import DashScopePromptExpander, QwenPromptExpander
  File "/scratch/Wan2.2/wan/utils/prompt_extend.py", line 13, in <module>
    import dashscope
ModuleNotFoundError: No module named 'dashscope'
Traceback (most recent call last):
  File "/scratch/Wan2.2/generate.py", line 20, in <module>
    from wan.utils.prompt_extend import DashScopePromptExpander, QwenPromptExpander
  File "/scratch/Wan2.2/wan/utils/prompt_extend.py", line 13, in <module>
    import dashscope
ModuleNotFoundError: No module named 'dashscope'
Traceback (most recent call last):
  File "/scratch/Wan2.2/generate.py", line 20, in <module>
    from wan.utils.prompt_extend import DashScopePromptExpander, QwenPromptExpander
  File "/scratch/Wan2.2/wan/utils/prompt_extend.py", line 13, in <module>
    import dashscope
ModuleNotFoundError: No module named 'dashscope'
Traceback (most recent call last):
  File "/scratch/Wan2.2/generate.py", line 20, in <module>
    from wan.utils.prompt_extend import DashScopePromptExpander, QwenPromptExpander
  File "/scratch/Wan2.2/wan/utils/prompt_extend.py", line 13, in <module>
    import dashscope
ModuleNotFoundError: No module named 'dashscope'
Traceback (most recent call last):
  File "/scratch/Wan2.2/generate.py", line 20, in <module>
    from wan.utils.prompt_extend import DashScopePromptExpander, QwenPromptExpander
  File "/scratch/Wan2.2/wan/utils/prompt_extend.py", line 13, in <module>
    import dashscope
ModuleNotFoundError: No module named 'dashscope'
Traceback (most recent call last):
  File "/scratch/Wan2.2/generate.py", line 20, in <module>
    from wan.utils.prompt_extend import DashScopePromptExpander, QwenPromptExpander
  File "/scratch/Wan2.2/wan/utils/prompt_extend.py", line 13, in <module>
    import dashscope
ModuleNotFoundError: No module named 'dashscope'
Traceback (most recent call last):
  File "/scratch/Wan2.2/generate.py", line 20, in <module>
    from wan.utils.prompt_extend import DashScopePromptExpander, QwenPromptExpander
  File "/scratch/Wan2.2/wan/utils/prompt_extend.py", line 13, in <module>
    import dashscope
ModuleNotFoundError: No module named 'dashscope'
Traceback (most recent call last):
  File "/scratch/Wan2.2/generate.py", line 20, in <module>
    from wan.utils.prompt_extend import DashScopePromptExpander, QwenPromptExpander
  File "/scratch/Wan2.2/wan/utils/prompt_extend.py", line 13, in <module>
    import dashscope
ModuleNotFoundError: No module named 'dashscope'
W0421 10:23:04.415000 56617 torch/distributed/elastic/multiprocessing/api.py:908] Sending process 56684 closing signal SIGTERM
W0421 10:23:04.415000 56617 torch/distributed/elastic/multiprocessing/api.py:908] Sending process 56686 closing signal SIGTERM
W0421 10:23:04.415000 56617 torch/distributed/elastic/multiprocessing/api.py:908] Sending process 56687 closing signal SIGTERM
W0421 10:23:04.416000 56617 torch/distributed/elastic/multiprocessing/api.py:908] Sending process 56688 closing signal SIGTERM
W0421 10:23:04.416000 56617 torch/distributed/elastic/multiprocessing/api.py:908] Sending process 56689 closing signal SIGTERM
W0421 10:23:04.416000 56617 torch/distributed/elastic/multiprocessing/api.py:908] Sending process 56690 closing signal SIGTERM
W0421 10:23:04.417000 56617 torch/distributed/elastic/multiprocessing/api.py:908] Sending process 56691 closing signal SIGTERM
E0421 10:23:04.681000 56617 torch/distributed/elastic/multiprocessing/api.py:882] failed (exitcode: 1) local_rank: 1 (pid: 56685) of binary: /usr/bin/python3
Traceback (most recent call last):
  File "/usr/local/bin/torchrun", line 6, in <module>
    sys.exit(main())
             ^^^^^^
  File "/usr/local/lib/python3.12/dist-packages/torch/distributed/elastic/multiprocessing/errors/__init__.py", line 357, in wrapper
    return f(*args, **kwargs)
           ^^^^^^^^^^^^^^^^^^
  File "/usr/local/lib/python3.12/dist-packages/torch/distributed/run.py", line 936, in main
    run(args)
  File "/usr/local/lib/python3.12/dist-packages/torch/distributed/run.py", line 927, in run
    elastic_launch(
  File "/usr/local/lib/python3.12/dist-packages/torch/distributed/launcher/api.py", line 156, in __call__
    return launch_agent(self._config, self._entrypoint, list(args))
           ^^^^^^^^^^^^^^^^^^^^^^^^^^^^^^^^^^^^^^^^^^^^^^^^^^^^^^^^
  File "/usr/local/lib/python3.12/dist-packages/torch/distributed/launcher/api.py", line 293, in launch_agent
    raise ChildFailedError(
torch.distributed.elastic.multiprocessing.errors.ChildFailedError: 
============================================================
/scratch/Wan2.2/generate.py FAILED
------------------------------------------------------------
Failures:
  <NO_OTHER_FAILURES>
------------------------------------------------------------
Root Cause (first observed failure):
[0]:
  time      : 2026-04-21_10:23:04
  host      : a309b108878a
  rank      : 1 (local_rank: 1)
  exitcode  : 1 (pid: 56685)
  error_file: <N/A>
  traceback : To enable traceback see: https://pytorch.org/docs/stable/elastic/errors.html
============================================================
