usage: generate.py [-h] [--model-path MODEL_PATH]
                   [--controlnet-path CONTROLNET_PATH] [--lora-path LORA_PATH]
                   [--transformer-path TRANSFORMER_PATH]
                   [--image-path IMAGE_PATH]
                   [--mask-image-path MASK_IMAGE_PATH]
                   [--config-path CONFIG_PATH] [--prompt PROMPT]
                   [--negative-prompt NEGATIVE_PROMPT]
                   [--num_inference_steps NUM_INFERENCE_STEPS]
                   [--warmup WARMUP]
                   [--warmup-num-inference-steps WARMUP_NUM_INFERENCE_STEPS]
                   [--repeat REPEAT] [--height HEIGHT] [--width WIDTH]
                   [--input-height INPUT_HEIGHT] [--input-width INPUT_WIDTH]
                   [--seed SEED] [--num-frames NUM_FRAMES]
                   [--save-path SAVE_PATH] [--cache] [--cache-summary]
                   [--Fn-compute-blocks FN_COMPUTE_BLOCKS]
                   [--Bn-compute-blocks BN_COMPUTE_BLOCKS]
                   [--residual-diff-threshold RESIDUAL_DIFF_THRESHOLD]
                   [--max-warmup-steps MAX_WARMUP_STEPS]
                   [--warmup-interval WARMUP_INTERVAL]
                   [--max-cached-steps MAX_CACHED_STEPS]
                   [--max-continuous-cached-steps MAX_CONTINUOUS_CACHED_STEPS]
                   [--taylorseer] [--taylorseer-order TAYLORSEER_ORDER]
                   [--steps-mask]
                   [--mask-policy {None,slow,s,medium,m,fast,f,ultra,u}]
                   [--quantize]
                   [--quantize-type {None,float8,float8_blockwise,float8_weight_only,float8_wo,int8,int8_weight_only,int8_wo,int4,int4_weight_only,int4_wo,bitsandbytes_4bit,bnb_4bit}]
                   [--quantize-text-encoder]
                   [--quantize-text-type {None,float8,float8_blockwise,float8_weight_only,float8_wo,int8,int8_weight_only,int8_wo,int4,int4_weight_only,int4_wo,bitsandbytes_4bit,bnb_4bit}]
                   [--quantize-controlnet]
                   [--quantize-controlnet-type {None,float8,float8_blockwise,float8_weight_only,float8_wo,int8,int8_weight_only,int8_wo,int4,int4_weight_only,int4_wo,bitsandbytes_4bit,bnb_4bit}]
                   [--quantize-verbose]
                   [--parallel-type {None,tp,ulysses,ring,usp,ulysses_tp,ring_tp,tp_ulysses,tp_ring,usp_tp}]
                   [--parallel-vae] [--parallel-text-encoder]
                   [--parallel-controlnet]
                   [--attn {None,flash,_flash_3,native,_native_cudnn,_sdpa_cudnn,sage,_native_npu,_npu_fia}]
                   [--ulysses-anything] [--ulysses-float8] [--ulysses-async]
                   [--ring-rotate-method {allgather,p2p}]
                   [--ring-no-convert-to-fp32] [--cpu-offload]
                   [--sequential-cpu-offload] [--device-map-balance]
                   [--vae-tiling] [--vae-slicing] [--compile]
                   [--compile-repeated-blocks] [--compile-vae]
                   [--compile-text-encoder] [--compile-controlnet]
                   [--max-autotune] [--track-memory] [--profile]
                   [--profile-name PROFILE_NAME] [--profile-dir PROFILE_DIR]
                   [--profile-activities {CPU,GPU,MEM} [{CPU,GPU,MEM} ...]]
                   [--profile-with-stack] [--profile-record-shapes]
                   [--disable-fuse-lora DISABLE_FUSE_LORA]
                   [--generator-device GENERATOR_DEVICE]
                   [--saved-fps SAVED_FPS] [--example-summary]
                   [{generate,list,flux_nunchaku,flux,flux_fill,flux2,flux2_klein_base_9b,flux2_klein_base_4b,flux2_klein_9b,flux2_klein_4b,flux2_klein_base_9b_edit,flux2_klein_base_4b_edit,flux2_klein_9b_edit,flux2_klein_4b_edit,qwen_image_lightning,qwen_image_2512,qwen_image,qwen_image_edit_2511_lightning,qwen_image_edit_2511,qwen_image_edit_lightning,qwen_image_edit,qwen_image_controlnet,qwen_image_layered,skyreels_v2,ltx2_t2v,ltx2_i2v,wan2.2_t2v,wan2.1_t2v,wan2.2_i2v,wan2.1_i2v,wan2.2_vace,wan2.1_vace,ovis_image,zimage_turbo_nunchaku,zimage_turbo,zimage,zimage_turbo_controlnet_2.0,zimage_turbo_controlnet_2.1,longcat_image,longcat_image_edit,glm_image,glm_image_edit,firered_image_edit_1.1,firered_image_edit_1.0,helios_t2v,helios_t2v_distill}]
                   [{None,flux_nunchaku,flux,flux_fill,flux2,flux2_klein_base_9b,flux2_klein_base_4b,flux2_klein_9b,flux2_klein_4b,flux2_klein_base_9b_edit,flux2_klein_base_4b_edit,flux2_klein_9b_edit,flux2_klein_4b_edit,qwen_image_lightning,qwen_image_2512,qwen_image,qwen_image_edit_2511_lightning,qwen_image_edit_2511,qwen_image_edit_lightning,qwen_image_edit,qwen_image_controlnet,qwen_image_layered,skyreels_v2,ltx2_t2v,ltx2_i2v,wan2.2_t2v,wan2.1_t2v,wan2.2_i2v,wan2.1_i2v,wan2.2_vace,wan2.1_vace,ovis_image,zimage_turbo_nunchaku,zimage_turbo,zimage,zimage_turbo_controlnet_2.0,zimage_turbo_controlnet_2.1,longcat_image,longcat_image_edit,glm_image,glm_image_edit,firered_image_edit_1.1,firered_image_edit_1.0,helios_t2v,helios_t2v_distill}]
generate.py: error: unrecognized arguments: --num_frames 81
